// Jest Snapshot v1, https://goo.gl/fbAQLP

exports[`Hello works for testing react component 1`] = `
<div
  className="hello"
>
  Hello 
  David
  !
</div>
`;
